127.0.0.1 - - [14/Mar/2026:03:20:28 +0000] "GET /api/v1/health HTTP/1.1" 503 90 "-" "curl/7.88.1"
127.0.0.1 - - [14/Mar/2026:03:20:33 +0000] "GET /api/v1/health HTTP/1.1" 200 97 "-" "curl/7.88.1"
172.18.0.1 - - [14/Mar/2026:03:20:39 +0000] "GET / HTTP/2.0" 200 608 "-" "Mozilla/5.0 (X11; Linux x86_64) AppleWebKit/537.36 (KHTML, like Gecko) Chrome/146.0.0.0 Safari/537.36"
172.18.0.1 - - [14/Mar/2026:03:20:39 +0000] "GET /assets/index-C9JFrFEb.css HTTP/2.0" 200 12765 "https://localhost/" "Mozilla/5.0 (X11; Linux x86_64) AppleWebKit/537.36 (KHTML, like Gecko) Chrome/146.0.0.0 Safari/537.36"
172.18.0.1 - - [14/Mar/2026:03:20:39 +0000] "GET /assets/index-DGsoFzrw.js HTTP/2.0" 200 200603 "https://localhost/" "Mozilla/5.0 (X11; Linux x86_64) AppleWebKit/537.36 (KHTML, like Gecko) Chrome/146.0.0.0 Safari/537.36"
172.18.0.1 - - [14/Mar/2026:03:20:39 +0000] "GET /assets/vendor-CEon7sg1.js HTTP/2.0" 200 95732 "https://localhost/" "Mozilla/5.0 (X11; Linux x86_64) AppleWebKit/537.36 (KHTML, like Gecko) Chrome/146.0.0.0 Safari/537.36"
172.18.0.1 - - [14/Mar/2026:03:20:39 +0000] "GET /site.webmanifest HTTP/2.0" 200 390 "https://localhost/" "Mozilla/5.0 (X11; Linux x86_64) AppleWebKit/537.36 (KHTML, like Gecko) Chrome/146.0.0.0 Safari/537.36"
172.18.0.1 - - [14/Mar/2026:03:20:39 +0000] "GET /locales/en/common.json HTTP/2.0" 200 410 "https://localhost/" "Mozilla/5.0 (X11; Linux x86_64) AppleWebKit/537.36 (KHTML, like Gecko) Chrome/146.0.0.0 Safari/537.36"
172.18.0.1 - - [14/Mar/2026:03:20:39 +0000] "GET /locales/en/header.json HTTP/2.0" 200 3 "https://localhost/" "Mozilla/5.0 (X11; Linux x86_64) AppleWebKit/537.36 (KHTML, like Gecko) Chrome/146.0.0.0 Safari/537.36"
172.18.0.1 - - [14/Mar/2026:03:20:39 +0000] "GET /locales/en/map.json HTTP/2.0" 200 3 "https://localhost/" "Mozilla/5.0 (X11; Linux x86_64) AppleWebKit/537.36 (KHTML, like Gecko) Chrome/146.0.0.0 Safari/537.36"
172.18.0.1 - - [14/Mar/2026:03:20:39 +0000] "GET /locales/en/settings.json HTTP/2.0" 200 29 "https://localhost/" "Mozilla/5.0 (X11; Linux x86_64) AppleWebKit/537.36 (KHTML, like Gecko) Chrome/146.0.0.0 Safari/537.36"
172.18.0.1 - - [14/Mar/2026:03:20:39 +0000] "GET /locales/en/hardware.json HTTP/2.0" 200 3 "https://localhost/" "Mozilla/5.0 (X11; Linux x86_64) AppleWebKit/537.36 (KHTML, like Gecko) Chrome/146.0.0.0 Safari/537.36"
172.18.0.1 - - [14/Mar/2026:03:20:39 +0000] "GET /loading.json HTTP/2.0" 200 8538 "https://localhost/" "Mozilla/5.0 (X11; Linux x86_64) AppleWebKit/537.36 (KHTML, like Gecko) Chrome/146.0.0.0 Safari/537.36"
172.18.0.1 - - [14/Mar/2026:03:20:39 +0000] "GET /favicon.ico HTTP/2.0" 200 32416 "https://localhost/" "Mozilla/5.0 (X11; Linux x86_64) AppleWebKit/537.36 (KHTML, like Gecko) Chrome/146.0.0.0 Safari/537.36"
172.18.0.1 - - [14/Mar/2026:03:20:39 +0000] "GET /api/v1/auth/me HTTP/2.0" 401 37 "https://localhost/" "Mozilla/5.0 (X11; Linux x86_64) AppleWebKit/537.36 (KHTML, like Gecko) Chrome/146.0.0.0 Safari/537.36"
172.18.0.1 - - [14/Mar/2026:03:20:39 +0000] "GET /api/v1/bootstrap/status HTTP/2.0" 200 39 "https://localhost/" "Mozilla/5.0 (X11; Linux x86_64) AppleWebKit/537.36 (KHTML, like Gecko) Chrome/146.0.0.0 Safari/537.36"
172.18.0.1 - - [14/Mar/2026:03:20:39 +0000] "GET /api/v1/settings HTTP/2.0" 401 36 "https://localhost/" "Mozilla/5.0 (X11; Linux x86_64) AppleWebKit/537.36 (KHTML, like Gecko) Chrome/146.0.0.0 Safari/537.36"
172.18.0.1 - - [14/Mar/2026:03:20:39 +0000] "POST /api/v1/auth/logout HTTP/2.0" 403 31 "https://localhost/" "Mozilla/5.0 (X11; Linux x86_64) AppleWebKit/537.36 (KHTML, like Gecko) Chrome/146.0.0.0 Safari/537.36"
172.18.0.1 - - [14/Mar/2026:03:20:39 +0000] "GET /CB-AZ_Final.png HTTP/2.0" 200 266299 "https://localhost/" "Mozilla/5.0 (X11; Linux x86_64) AppleWebKit/537.36 (KHTML, like Gecko) Chrome/146.0.0.0 Safari/537.36"
172.18.0.1 - - [14/Mar/2026:03:20:39 +0000] "GET /api/v1/bootstrap/onboarding HTTP/2.0" 200 48 "https://localhost/" "Mozilla/5.0 (X11; Linux x86_64) AppleWebKit/537.36 (KHTML, like Gecko) Chrome/146.0.0.0 Safari/537.36"
172.18.0.1 - - [14/Mar/2026:03:20:40 +0000] "PATCH /api/v1/bootstrap/onboarding HTTP/2.0" 200 50 "https://localhost/" "Mozilla/5.0 (X11; Linux x86_64) AppleWebKit/537.36 (KHTML, like Gecko) Chrome/146.0.0.0 Safari/537.36"
172.18.0.1 - - [14/Mar/2026:03:20:41 +0000] "GET /api/v1/health HTTP/2.0" 200 97 "https://localhost/" "Mozilla/5.0 (X11; Linux x86_64) AppleWebKit/537.36 (KHTML, like Gecko) Chrome/146.0.0.0 Safari/537.36"
127.0.0.1 - - [14/Mar/2026:03:20:43 +0000] "GET /api/v1/health HTTP/1.1" 200 98 "-" "curl/7.88.1"
172.18.0.1 - - [14/Mar/2026:03:20:51 +0000] "PATCH /api/v1/bootstrap/onboarding HTTP/2.0" 200 50 "https://localhost/" "Mozilla/5.0 (X11; Linux x86_64) AppleWebKit/537.36 (KHTML, like Gecko) Chrome/146.0.0.0 Safari/537.36"
172.18.0.1 - - [14/Mar/2026:03:20:52 +0000] "GET /api/v1/timezones HTTP/2.0" 200 3466 "https://localhost/" "Mozilla/5.0 (X11; Linux x86_64) AppleWebKit/537.36 (KHTML, like Gecko) Chrome/146.0.0.0 Safari/537.36"
172.18.0.1 - - [14/Mar/2026:03:20:52 +0000] "PATCH /api/v1/bootstrap/onboarding HTTP/2.0" 200 51 "https://localhost/" "Mozilla/5.0 (X11; Linux x86_64) AppleWebKit/537.36 (KHTML, like Gecko) Chrome/146.0.0.0 Safari/537.36"
172.18.0.1 - - [14/Mar/2026:03:20:53 +0000] "PATCH /api/v1/bootstrap/onboarding HTTP/2.0" 200 51 "https://localhost/" "Mozilla/5.0 (X11; Linux x86_64) AppleWebKit/537.36 (KHTML, like Gecko) Chrome/146.0.0.0 Safari/537.36"
127.0.0.1 - - [14/Mar/2026:03:20:53 +0000] "GET /api/v1/health HTTP/1.1" 200 98 "-" "curl/7.88.1"
172.18.0.1 - - [14/Mar/2026:03:20:54 +0000] "PATCH /api/v1/bootstrap/onboarding HTTP/2.0" 200 50 "https://localhost/" "Mozilla/5.0 (X11; Linux x86_64) AppleWebKit/537.36 (KHTML, like Gecko) Chrome/146.0.0.0 Safari/537.36"
172.18.0.1 - - [14/Mar/2026:03:20:56 +0000] "POST /api/v1/bootstrap/initialize HTTP/2.0" 200 666 "https://localhost/" "Mozilla/5.0 (X11; Linux x86_64) AppleWebKit/537.36 (KHTML, like Gecko) Chrome/146.0.0.0 Safari/537.36"
172.18.0.1 - - [14/Mar/2026:03:20:56 +0000] "GET /api/v1/settings HTTP/2.0" 200 992 "https://localhost/" "Mozilla/5.0 (X11; Linux x86_64) AppleWebKit/537.36 (KHTML, like Gecko) Chrome/146.0.0.0 Safari/537.36"
172.18.0.1 - - [14/Mar/2026:03:20:56 +0000] "GET /api/v1/branding/manifest.json?t=1773458456057 HTTP/2.0" 200 349 "https://localhost/" "Mozilla/5.0 (X11; Linux x86_64) AppleWebKit/537.36 (KHTML, like Gecko) Chrome/146.0.0.0 Safari/537.36"
172.18.0.1 - - [14/Mar/2026:03:20:58 +0000] "GET /assets/MapPage-Fd0xVSp_.css HTTP/2.0" 200 1582 "https://localhost/map" "Mozilla/5.0 (X11; Linux x86_64) AppleWebKit/537.36 (KHTML, like Gecko) Chrome/146.0.0.0 Safari/537.36"
172.18.0.1 - - [14/Mar/2026:03:20:58 +0000] "GET /assets/MapPage-BoSSo5gO.js HTTP/2.0" 200 136240 "-" "Mozilla/5.0 (X11; Linux x86_64) AppleWebKit/537.36 (KHTML, like Gecko) Chrome/146.0.0.0 Safari/537.36"
172.18.0.1 - - [14/Mar/2026:03:20:58 +0000] "GET /assets/monitor-BpixGeeh.js HTTP/2.0" 200 634 "-" "Mozilla/5.0 (X11; Linux x86_64) AppleWebKit/537.36 (KHTML, like Gecko) Chrome/146.0.0.0 Safari/537.36"
172.18.0.1 - - [14/Mar/2026:03:20:58 +0000] "GET /assets/file-text-BKTNlZak.js HTTP/2.0" 200 386 "-" "Mozilla/5.0 (X11; Linux x86_64) AppleWebKit/537.36 (KHTML, like Gecko) Chrome/146.0.0.0 Safari/537.36"
172.18.0.1 - - [14/Mar/2026:03:20:58 +0000] "GET /assets/box-DdRmnksW.js HTTP/2.0" 200 311 "-" "Mozilla/5.0 (X11; Linux x86_64) AppleWebKit/537.36 (KHTML, like Gecko) Chrome/146.0.0.0 Safari/537.36"
172.18.0.1 - - [14/Mar/2026:03:20:58 +0000] "GET /assets/vendorIcons-Bv1sffut.js HTTP/2.0" 200 860 "-" "Mozilla/5.0 (X11; Linux x86_64) AppleWebKit/537.36 (KHTML, like Gecko) Chrome/146.0.0.0 Safari/537.36"
172.18.0.1 - - [14/Mar/2026:03:20:58 +0000] "GET /assets/chevron-down-BiGnMZGz.js HTTP/2.0" 200 129 "-" "Mozilla/5.0 (X11; Linux x86_64) AppleWebKit/537.36 (KHTML, like Gecko) Chrome/146.0.0.0 Safari/537.36"
172.18.0.1 - - [14/Mar/2026:03:20:58 +0000] "GET /assets/wifi-DCVMwc84.js HTTP/2.0" 200 281 "-" "Mozilla/5.0 (X11; Linux x86_64) AppleWebKit/537.36 (KHTML, like Gecko) Chrome/146.0.0.0 Safari/537.36"
172.18.0.1 - - [14/Mar/2026:03:20:58 +0000] "GET /assets/useCapabilities-9Nl8BzP0.js HTTP/2.0" 200 830 "-" "Mozilla/5.0 (X11; Linux x86_64) AppleWebKit/537.36 (KHTML, like Gecko) Chrome/146.0.0.0 Safari/537.36"
172.18.0.1 - - [14/Mar/2026:03:20:58 +0000] "GET /assets/purify.es-J9PU_gBl.js HTTP/2.0" 200 8628 "-" "Mozilla/5.0 (X11; Linux x86_64) AppleWebKit/537.36 (KHTML, like Gecko) Chrome/146.0.0.0 Safari/537.36"
172.18.0.1 - - [14/Mar/2026:03:20:58 +0000] "GET /assets/hardwareRoles-B1VqDzvz.js HTTP/2.0" 200 687 "-" "Mozilla/5.0 (X11; Linux x86_64) AppleWebKit/537.36 (KHTML, like Gecko) Chrome/146.0.0.0 Safari/537.36"
172.18.0.1 - - [14/Mar/2026:03:20:58 +0000] "GET /loading.json HTTP/2.0" 200 8538 "https://localhost/map" "Mozilla/5.0 (X11; Linux x86_64) AppleWebKit/537.36 (KHTML, like Gecko) Chrome/146.0.0.0 Safari/537.36"
172.18.0.1 - - [14/Mar/2026:03:20:58 +0000] "GET /api/v1/discovery/status HTTP/2.0" 200 253 "https://localhost/map" "Mozilla/5.0 (X11; Linux x86_64) AppleWebKit/537.36 (KHTML, like Gecko) Chrome/146.0.0.0 Safari/537.36"
172.18.0.1 - - [14/Mar/2026:03:20:58 +0000] "GET /api/v1/capabilities HTTP/2.0" 200 280 "https://localhost/map" "Mozilla/5.0 (X11; Linux x86_64) AppleWebKit/537.36 (KHTML, like Gecko) Chrome/146.0.0.0 Safari/537.36"
172.18.0.1 - - [14/Mar/2026:03:20:58 +0000] "GET /api/v1/environments HTTP/2.0" 200 2 "https://localhost/map" "Mozilla/5.0 (X11; Linux x86_64) AppleWebKit/537.36 (KHTML, like Gecko) Chrome/146.0.0.0 Safari/537.36"
172.18.0.1 - - [14/Mar/2026:03:20:58 +0000] "GET /api/v1/discovery/results?status=pending&limit=1 HTTP/2.0" 200 2 "https://localhost/map" "Mozilla/5.0 (X11; Linux x86_64) AppleWebKit/537.36 (KHTML, like Gecko) Chrome/146.0.0.0 Safari/537.36"
172.18.0.1 - - [14/Mar/2026:03:20:58 +0000] "GET /api/v1/graph/topology?include=hardware,compute,services,storage,networks,misc,external HTTP/2.0" 200 23 "https://localhost/map" "Mozilla/5.0 (X11; Linux x86_64) AppleWebKit/537.36 (KHTML, like Gecko) Chrome/146.0.0.0 Safari/537.36"
172.18.0.1 - - [14/Mar/2026:03:20:58 +0000] "GET /api/v1/graph/layout?name=default HTTP/2.0" 200 20 "https://localhost/map" "Mozilla/5.0 (X11; Linux x86_64) AppleWebKit/537.36 (KHTML, like Gecko) Chrome/146.0.0.0 Safari/537.36"
172.18.0.1 - - [14/Mar/2026:03:20:58 +0000] "GET /api/v1/graph/topology?include=hardware,compute,services,storage,networks,misc,external HTTP/2.0" 200 23 "https://localhost/map" "Mozilla/5.0 (X11; Linux x86_64) AppleWebKit/537.36 (KHTML, like Gecko) Chrome/146.0.0.0 Safari/537.36"
172.18.0.1 - - [14/Mar/2026:03:20:58 +0000] "GET /api/v1/graph/layout?name=default HTTP/2.0" 200 20 "https://localhost/map" "Mozilla/5.0 (X11; Linux x86_64) AppleWebKit/537.36 (KHTML, like Gecko) Chrome/146.0.0.0 Safari/537.36"
172.18.0.1 - - [14/Mar/2026:03:20:59 +0000] "GET /assets/DiscoveryPage-DIx1iszr.css HTTP/2.0" 200 5544 "https://localhost/discovery" "Mozilla/5.0 (X11; Linux x86_64) AppleWebKit/537.36 (KHTML, like Gecko) Chrome/146.0.0.0 Safari/537.36"
172.18.0.1 - - [14/Mar/2026:03:20:59 +0000] "GET /assets/DiscoveryPage-sN2xKqug.js HTTP/2.0" 200 26811 "-" "Mozilla/5.0 (X11; Linux x86_64) AppleWebKit/537.36 (KHTML, like Gecko) Chrome/146.0.0.0 Safari/537.36"
172.18.0.1 - - [14/Mar/2026:03:20:59 +0000] "GET /assets/eye-off-DwO5enJA.js HTTP/2.0" 200 639 "-" "Mozilla/5.0 (X11; Linux x86_64) AppleWebKit/537.36 (KHTML, like Gecko) Chrome/146.0.0.0 Safari/537.36"
172.18.0.1 - - [14/Mar/2026:03:20:59 +0000] "GET /assets/SettingSection-BDqHNszo.js HTTP/2.0" 200 1152 "-" "Mozilla/5.0 (X11; Linux x86_64) AppleWebKit/537.36 (KHTML, like Gecko) Chrome/146.0.0.0 Safari/537.36"
172.18.0.1 - - [14/Mar/2026:03:20:59 +0000] "GET /assets/arrow-left-NPq-2PR9.js HTTP/2.0" 200 166 "-" "Mozilla/5.0 (X11; Linux x86_64) AppleWebKit/537.36 (KHTML, like Gecko) Chrome/146.0.0.0 Safari/537.36"
172.18.0.1 - - [14/Mar/2026:03:20:59 +0000] "GET /loading.json HTTP/2.0" 200 8538 "https://localhost/discovery" "Mozilla/5.0 (X11; Linux x86_64) AppleWebKit/537.36 (KHTML, like Gecko) Chrome/146.0.0.0 Safari/537.36"
172.18.0.1 - - [14/Mar/2026:03:20:59 +0000] "GET /api/v1/topology/stream HTTP/1.1" 101 29 "-" "Mozilla/5.0 (X11; Linux x86_64) AppleWebKit/537.36 (KHTML, like Gecko) Chrome/146.0.0.0 Safari/537.36"
172.18.0.1 - - [14/Mar/2026:03:20:59 +0000] "GET /api/v1/telemetry/stream HTTP/1.1" 101 29 "-" "Mozilla/5.0 (X11; Linux x86_64) AppleWebKit/537.36 (KHTML, like Gecko) Chrome/146.0.0.0 Safari/537.36"
172.18.0.1 - - [14/Mar/2026:03:20:59 +0000] "GET /icons/vendors/docker.svg HTTP/2.0" 200 608 "https://localhost/discovery" "Mozilla/5.0 (X11; Linux x86_64) AppleWebKit/537.36 (KHTML, like Gecko) Chrome/146.0.0.0 Safari/537.36"
172.18.0.1 - - [14/Mar/2026:03:20:59 +0000] "GET /icons/vendors/proxmox-dark.svg HTTP/2.0" 200 619 "https://localhost/discovery" "Mozilla/5.0 (X11; Linux x86_64) AppleWebKit/537.36 (KHTML, like Gecko) Chrome/146.0.0.0 Safari/537.36"
172.18.0.1 - - [14/Mar/2026:03:20:59 +0000] "GET /api/v1/discovery/jobs HTTP/2.0" 200 2 "https://localhost/discovery" "Mozilla/5.0 (X11; Linux x86_64) AppleWebKit/537.36 (KHTML, like Gecko) Chrome/146.0.0.0 Safari/537.36"
172.18.0.1 - - [14/Mar/2026:03:20:59 +0000] "GET /api/v1/discovery/results?status=pending&limit=1 HTTP/2.0" 200 2 "https://localhost/discovery" "Mozilla/5.0 (X11; Linux x86_64) AppleWebKit/537.36 (KHTML, like Gecko) Chrome/146.0.0.0 Safari/537.36"
172.18.0.1 - - [14/Mar/2026:03:20:59 +0000] "GET /api/v1/discovery/listener/events?limit=50 HTTP/2.0" 200 2 "https://localhost/discovery" "Mozilla/5.0 (X11; Linux x86_64) AppleWebKit/537.36 (KHTML, like Gecko) Chrome/146.0.0.0 Safari/537.36"
172.18.0.1 - - [14/Mar/2026:03:20:59 +0000] "GET /api/v1/discovery/status HTTP/2.0" 200 253 "https://localhost/discovery" "Mozilla/5.0 (X11; Linux x86_64) AppleWebKit/537.36 (KHTML, like Gecko) Chrome/146.0.0.0 Safari/537.36"
172.18.0.1 - - [14/Mar/2026:03:20:59 +0000] "GET /api/v1/discovery/listener/status HTTP/2.0" 200 57 "https://localhost/discovery" "Mozilla/5.0 (X11; Linux x86_64) AppleWebKit/537.36 (KHTML, like Gecko) Chrome/146.0.0.0 Safari/537.36"
172.18.0.1 - - [14/Mar/2026:03:20:59 +0000] "GET /api/v1/discovery/profiles HTTP/2.0" 200 2 "https://localhost/discovery" "Mozilla/5.0 (X11; Linux x86_64) AppleWebKit/537.36 (KHTML, like Gecko) Chrome/146.0.0.0 Safari/537.36"
172.18.0.1 - - [14/Mar/2026:03:21:00 +0000] "GET /api/v1/system/stats HTTP/2.0" 200 459 "https://localhost/discovery" "Mozilla/5.0 (X11; Linux x86_64) AppleWebKit/537.36 (KHTML, like Gecko) Chrome/146.0.0.0 Safari/537.36"
172.18.0.1 - - [14/Mar/2026:03:21:01 +0000] "GET /api/v1/networks?limit=1000 HTTP/2.0" 200 2 "https://localhost/discovery" "Mozilla/5.0 (X11; Linux x86_64) AppleWebKit/537.36 (KHTML, like Gecko) Chrome/146.0.0.0 Safari/537.36"
172.18.0.1 - - [14/Mar/2026:03:21:02 +0000] "GET /api/v1/integrations/proxmox HTTP/2.0" 200 2 "https://localhost/discovery" "Mozilla/5.0 (X11; Linux x86_64) AppleWebKit/537.36 (KHTML, like Gecko) Chrome/146.0.0.0 Safari/537.36"
127.0.0.1 - - [14/Mar/2026:03:21:03 +0000] "GET /api/v1/health HTTP/1.1" 200 98 "-" "curl/7.88.1"
172.18.0.1 - - [14/Mar/2026:03:21:09 +0000] "GET /api/v1/discovery/listener/status HTTP/2.0" 200 57 "https://localhost/discovery" "Mozilla/5.0 (X11; Linux x86_64) AppleWebKit/537.36 (KHTML, like Gecko) Chrome/146.0.0.0 Safari/537.36"
172.18.0.1 - - [14/Mar/2026:03:21:09 +0000] "GET /api/v1/discovery/listener/events?limit=50 HTTP/2.0" 200 2 "https://localhost/discovery" "Mozilla/5.0 (X11; Linux x86_64) AppleWebKit/537.36 (KHTML, like Gecko) Chrome/146.0.0.0 Safari/537.36"
172.18.0.1 - - [14/Mar/2026:03:21:11 +0000] "GET /api/v1/health HTTP/2.0" 200 98 "https://localhost/discovery" "Mozilla/5.0 (X11; Linux x86_64) AppleWebKit/537.36 (KHTML, like Gecko) Chrome/146.0.0.0 Safari/537.36"
127.0.0.1 - - [14/Mar/2026:03:21:13 +0000] "GET /api/v1/health HTTP/1.1" 200 98 "-" "curl/7.88.1"
172.18.0.1 - - [14/Mar/2026:03:21:19 +0000] "GET /api/v1/discovery/listener/status HTTP/2.0" 200 57 "https://localhost/discovery" "Mozilla/5.0 (X11; Linux x86_64) AppleWebKit/537.36 (KHTML, like Gecko) Chrome/146.0.0.0 Safari/537.36"
172.18.0.1 - - [14/Mar/2026:03:21:19 +0000] "GET /api/v1/discovery/listener/events?limit=50 HTTP/2.0" 200 2 "https://localhost/discovery" "Mozilla/5.0 (X11; Linux x86_64) AppleWebKit/537.36 (KHTML, like Gecko) Chrome/146.0.0.0 Safari/537.36"
127.0.0.1 - - [14/Mar/2026:03:21:23 +0000] "GET /api/v1/health HTTP/1.1" 200 98 "-" "curl/7.88.1"
172.18.0.1 - - [14/Mar/2026:03:21:27 +0000] "POST /api/v1/integrations/proxmox HTTP/2.0" 200 291 "https://localhost/discovery" "Mozilla/5.0 (X11; Linux x86_64) AppleWebKit/537.36 (KHTML, like Gecko) Chrome/146.0.0.0 Safari/537.36"
172.18.0.1 - - [14/Mar/2026:03:21:27 +0000] "GET /api/v1/integrations/proxmox HTTP/2.0" 200 293 "https://localhost/discovery" "Mozilla/5.0 (X11; Linux x86_64) AppleWebKit/537.36 (KHTML, like Gecko) Chrome/146.0.0.0 Safari/537.36"
172.18.0.1 - - [14/Mar/2026:03:21:27 +0000] "GET /api/v1/integrations/proxmox/1/status HTTP/2.0" 200 146 "https://localhost/discovery" "Mozilla/5.0 (X11; Linux x86_64) AppleWebKit/537.36 (KHTML, like Gecko) Chrome/146.0.0.0 Safari/537.36"
172.18.0.1 - - [14/Mar/2026:03:21:28 +0000] "POST /api/v1/integrations/proxmox/1/test HTTP/2.0" 200 85 "https://localhost/discovery" "Mozilla/5.0 (X11; Linux x86_64) AppleWebKit/537.36 (KHTML, like Gecko) Chrome/146.0.0.0 Safari/537.36"
172.18.0.1 - - [14/Mar/2026:03:21:28 +0000] "GET /api/v1/discovery/status HTTP/2.0" 200 253 "https://localhost/discovery" "Mozilla/5.0 (X11; Linux x86_64) AppleWebKit/537.36 (KHTML, like Gecko) Chrome/146.0.0.0 Safari/537.36"
172.18.0.1 - - [14/Mar/2026:03:21:29 +0000] "POST /api/v1/integrations/proxmox/1/discover HTTP/2.0" 200 259 "https://localhost/discovery" "Mozilla/5.0 (X11; Linux x86_64) AppleWebKit/537.36 (KHTML, like Gecko) Chrome/146.0.0.0 Safari/537.36"
172.18.0.1 - - [14/Mar/2026:03:21:29 +0000] "GET /api/v1/integrations/proxmox HTTP/2.0" 200 321 "https://localhost/discovery" "Mozilla/5.0 (X11; Linux x86_64) AppleWebKit/537.36 (KHTML, like Gecko) Chrome/146.0.0.0 Safari/537.36"
172.18.0.1 - - [14/Mar/2026:03:21:29 +0000] "GET /api/v1/integrations/proxmox/1/status HTTP/2.0" 200 174 "https://localhost/discovery" "Mozilla/5.0 (X11; Linux x86_64) AppleWebKit/537.36 (KHTML, like Gecko) Chrome/146.0.0.0 Safari/537.36"
172.18.0.1 - - [14/Mar/2026:03:21:29 +0000] "GET /api/v1/discovery/listener/status HTTP/2.0" 200 57 "https://localhost/discovery" "Mozilla/5.0 (X11; Linux x86_64) AppleWebKit/537.36 (KHTML, like Gecko) Chrome/146.0.0.0 Safari/537.36"
172.18.0.1 - - [14/Mar/2026:03:21:29 +0000] "GET /api/v1/discovery/listener/events?limit=50 HTTP/2.0" 200 2 "https://localhost/discovery" "Mozilla/5.0 (X11; Linux x86_64) AppleWebKit/537.36 (KHTML, like Gecko) Chrome/146.0.0.0 Safari/537.36"
172.18.0.1 - - [14/Mar/2026:03:21:30 +0000] "GET /api/v1/system/stats HTTP/2.0" 200 458 "https://localhost/discovery" "Mozilla/5.0 (X11; Linux x86_64) AppleWebKit/537.36 (KHTML, like Gecko) Chrome/146.0.0.0 Safari/537.36"
127.0.0.1 - - [14/Mar/2026:03:21:33 +0000] "GET /api/v1/health HTTP/1.1" 200 98 "-" "curl/7.88.1"
172.18.0.1 - - [14/Mar/2026:03:21:33 +0000] "GET /api/v1/discovery/results?status=pending&limit=200 HTTP/2.0" 200 2 "https://localhost/discovery" "Mozilla/5.0 (X11; Linux x86_64) AppleWebKit/537.36 (KHTML, like Gecko) Chrome/146.0.0.0 Safari/537.36"
172.18.0.1 - - [14/Mar/2026:03:21:39 +0000] "GET /api/v1/discovery/listener/status HTTP/2.0" 200 57 "https://localhost/discovery" "Mozilla/5.0 (X11; Linux x86_64) AppleWebKit/537.36 (KHTML, like Gecko) Chrome/146.0.0.0 Safari/537.36"
172.18.0.1 - - [14/Mar/2026:03:21:39 +0000] "GET /api/v1/discovery/listener/events?limit=50 HTTP/2.0" 200 2 "https://localhost/discovery" "Mozilla/5.0 (X11; Linux x86_64) AppleWebKit/537.36 (KHTML, like Gecko) Chrome/146.0.0.0 Safari/537.36"
172.18.0.1 - - [14/Mar/2026:03:21:41 +0000] "GET /api/v1/health HTTP/2.0" 200 98 "https://localhost/discovery" "Mozilla/5.0 (X11; Linux x86_64) AppleWebKit/537.36 (KHTML, like Gecko) Chrome/146.0.0.0 Safari/537.36"
172.18.0.1 - - [14/Mar/2026:03:21:42 +0000] "GET /api/v1/health HTTP/1.1" 200 98 "-" "curl/8.15.0"
127.0.0.1 - - [14/Mar/2026:03:21:43 +0000] "GET /api/v1/health HTTP/1.1" 200 98 "-" "curl/7.88.1"
172.18.0.1 - - [14/Mar/2026:03:22:37 +0000] "GET /api/v1/health HTTP/2.0" 503 90 "https://localhost/discovery" "Mozilla/5.0 (X11; Linux x86_64) AppleWebKit/537.36 (KHTML, like Gecko) Chrome/146.0.0.0 Safari/537.36"
172.18.0.1 - - [14/Mar/2026:03:22:39 +0000] "GET /api/v1/health HTTP/2.0" 503 90 "https://localhost/discovery" "Mozilla/5.0 (X11; Linux x86_64) AppleWebKit/537.36 (KHTML, like Gecko) Chrome/146.0.0.0 Safari/537.36"
127.0.0.1 - - [14/Mar/2026:03:22:39 +0000] "GET /api/v1/health HTTP/1.1" 503 90 "-" "curl/7.88.1"
172.18.0.1 - - [14/Mar/2026:03:22:41 +0000] "GET /api/v1/health HTTP/2.0" 503 90 "https://localhost/discovery" "Mozilla/5.0 (X11; Linux x86_64) AppleWebKit/537.36 (KHTML, like Gecko) Chrome/146.0.0.0 Safari/537.36"
172.18.0.1 - - [14/Mar/2026:03:22:43 +0000] "GET /api/v1/health HTTP/2.0" 503 90 "https://localhost/discovery" "Mozilla/5.0 (X11; Linux x86_64) AppleWebKit/537.36 (KHTML, like Gecko) Chrome/146.0.0.0 Safari/537.36"
127.0.0.1 - - [14/Mar/2026:03:22:44 +0000] "GET /api/v1/health HTTP/1.1" 200 97 "-" "curl/7.88.1"
172.18.0.1 - - [14/Mar/2026:03:22:45 +0000] "GET /api/v1/health HTTP/2.0" 200 97 "https://localhost/discovery" "Mozilla/5.0 (X11; Linux x86_64) AppleWebKit/537.36 (KHTML, like Gecko) Chrome/146.0.0.0 Safari/537.36"
172.18.0.1 - - [14/Mar/2026:03:22:45 +0000] "GET /loading.json HTTP/2.0" 200 8538 "https://localhost/discovery" "Mozilla/5.0 (X11; Linux x86_64) AppleWebKit/537.36 (KHTML, like Gecko) Chrome/146.0.0.0 Safari/537.36"
172.18.0.1 - - [14/Mar/2026:03:22:45 +0000] "GET /api/v1/bootstrap/status HTTP/2.0" 200 40 "https://localhost/discovery" "Mozilla/5.0 (X11; Linux x86_64) AppleWebKit/537.36 (KHTML, like Gecko) Chrome/146.0.0.0 Safari/537.36"
172.18.0.1 - - [14/Mar/2026:03:22:45 +0000] "GET /api/v1/discovery/listener/events?limit=50 HTTP/2.0" 200 2 "https://localhost/discovery" "Mozilla/5.0 (X11; Linux x86_64) AppleWebKit/537.36 (KHTML, like Gecko) Chrome/146.0.0.0 Safari/537.36"
172.18.0.1 - - [14/Mar/2026:03:22:45 +0000] "GET /api/v1/discovery/jobs HTTP/2.0" 200 2 "https://localhost/discovery" "Mozilla/5.0 (X11; Linux x86_64) AppleWebKit/537.36 (KHTML, like Gecko) Chrome/146.0.0.0 Safari/537.36"
172.18.0.1 - - [14/Mar/2026:03:22:45 +0000] "GET /api/v1/discovery/listener/status HTTP/2.0" 200 57 "https://localhost/discovery" "Mozilla/5.0 (X11; Linux x86_64) AppleWebKit/537.36 (KHTML, like Gecko) Chrome/146.0.0.0 Safari/537.36"
172.18.0.1 - - [14/Mar/2026:03:22:45 +0000] "GET /api/v1/discovery/status HTTP/2.0" 200 253 "https://localhost/discovery" "Mozilla/5.0 (X11; Linux x86_64) AppleWebKit/537.36 (KHTML, like Gecko) Chrome/146.0.0.0 Safari/537.36"
172.18.0.1 - - [14/Mar/2026:03:22:45 +0000] "GET /api/v1/discovery/profiles HTTP/2.0" 200 2 "https://localhost/discovery" "Mozilla/5.0 (X11; Linux x86_64) AppleWebKit/537.36 (KHTML, like Gecko) Chrome/146.0.0.0 Safari/537.36"
172.18.0.1 - - [14/Mar/2026:03:22:45 +0000] "GET /api/v1/discovery/results?status=pending&limit=1 HTTP/2.0" 200 2 "https://localhost/discovery" "Mozilla/5.0 (X11; Linux x86_64) AppleWebKit/537.36 (KHTML, like Gecko) Chrome/146.0.0.0 Safari/537.36"
172.18.0.1 - - [14/Mar/2026:03:22:45 +0000] "GET /api/v1/discovery/status HTTP/2.0" 200 253 "https://localhost/discovery" "Mozilla/5.0 (X11; Linux x86_64) AppleWebKit/537.36 (KHTML, like Gecko) Chrome/146.0.0.0 Safari/537.36"
172.18.0.1 - - [14/Mar/2026:03:22:45 +0000] "GET /api/v1/system/stats HTTP/2.0" 200 458 "https://localhost/discovery" "Mozilla/5.0 (X11; Linux x86_64) AppleWebKit/537.36 (KHTML, like Gecko) Chrome/146.0.0.0 Safari/537.36"
172.18.0.1 - - [14/Mar/2026:03:22:46 +0000] "GET /api/v1/discovery/results?status=pending&limit=1 HTTP/2.0" 200 2 "https://localhost/map" "Mozilla/5.0 (X11; Linux x86_64) AppleWebKit/537.36 (KHTML, like Gecko) Chrome/146.0.0.0 Safari/537.36"
172.18.0.1 - - [14/Mar/2026:03:22:46 +0000] "GET /api/v1/capabilities HTTP/2.0" 200 280 "https://localhost/map" "Mozilla/5.0 (X11; Linux x86_64) AppleWebKit/537.36 (KHTML, like Gecko) Chrome/146.0.0.0 Safari/537.36"
172.18.0.1 - - [14/Mar/2026:03:22:46 +0000] "GET /api/v1/environments HTTP/2.0" 200 2 "https://localhost/map" "Mozilla/5.0 (X11; Linux x86_64) AppleWebKit/537.36 (KHTML, like Gecko) Chrome/146.0.0.0 Safari/537.36"
172.18.0.1 - - [14/Mar/2026:03:22:46 +0000] "GET /api/v1/graph/topology?include=hardware,compute,services,storage,networks,misc,external HTTP/2.0" 200 23 "https://localhost/map" "Mozilla/5.0 (X11; Linux x86_64) AppleWebKit/537.36 (KHTML, like Gecko) Chrome/146.0.0.0 Safari/537.36"
172.18.0.1 - - [14/Mar/2026:03:22:46 +0000] "GET /api/v1/graph/layout?name=default HTTP/2.0" 200 20 "https://localhost/map" "Mozilla/5.0 (X11; Linux x86_64) AppleWebKit/537.36 (KHTML, like Gecko) Chrome/146.0.0.0 Safari/537.36"
172.18.0.1 - - [14/Mar/2026:03:22:47 +0000] "GET /api/v1/graph/topology?include=hardware,compute,services,storage,networks,misc,external HTTP/2.0" 200 23 "https://localhost/map" "Mozilla/5.0 (X11; Linux x86_64) AppleWebKit/537.36 (KHTML, like Gecko) Chrome/146.0.0.0 Safari/537.36"
172.18.0.1 - - [14/Mar/2026:03:22:47 +0000] "GET /api/v1/graph/layout?name=default HTTP/2.0" 200 20 "https://localhost/map" "Mozilla/5.0 (X11; Linux x86_64) AppleWebKit/537.36 (KHTML, like Gecko) Chrome/146.0.0.0 Safari/537.36"
172.18.0.1 - - [14/Mar/2026:03:22:47 +0000] "GET /api/v1/telemetry/stream HTTP/1.1" 101 29 "-" "Mozilla/5.0 (X11; Linux x86_64) AppleWebKit/537.36 (KHTML, like Gecko) Chrome/146.0.0.0 Safari/537.36"
172.18.0.1 - - [14/Mar/2026:03:22:47 +0000] "GET /api/v1/topology/stream HTTP/1.1" 101 29 "-" "Mozilla/5.0 (X11; Linux x86_64) AppleWebKit/537.36 (KHTML, like Gecko) Chrome/146.0.0.0 Safari/537.36"
172.18.0.1 - - [14/Mar/2026:03:22:47 +0000] "GET /api/v1/discovery/listener/status HTTP/2.0" 200 57 "https://localhost/discovery" "Mozilla/5.0 (X11; Linux x86_64) AppleWebKit/537.36 (KHTML, like Gecko) Chrome/146.0.0.0 Safari/537.36"
172.18.0.1 - - [14/Mar/2026:03:22:47 +0000] "GET /api/v1/discovery/jobs HTTP/2.0" 200 2 "https://localhost/discovery" "Mozilla/5.0 (X11; Linux x86_64) AppleWebKit/537.36 (KHTML, like Gecko) Chrome/146.0.0.0 Safari/537.36"
172.18.0.1 - - [14/Mar/2026:03:22:47 +0000] "GET /api/v1/discovery/results?status=pending&limit=1 HTTP/2.0" 200 2 "https://localhost/discovery" "Mozilla/5.0 (X11; Linux x86_64) AppleWebKit/537.36 (KHTML, like Gecko) Chrome/146.0.0.0 Safari/537.36"
172.18.0.1 - - [14/Mar/2026:03:22:47 +0000] "GET /api/v1/discovery/status HTTP/2.0" 200 253 "https://localhost/discovery" "Mozilla/5.0 (X11; Linux x86_64) AppleWebKit/537.36 (KHTML, like Gecko) Chrome/146.0.0.0 Safari/537.36"
172.18.0.1 - - [14/Mar/2026:03:22:47 +0000] "GET /api/v1/discovery/profiles HTTP/2.0" 200 2 "https://localhost/discovery" "Mozilla/5.0 (X11; Linux x86_64) AppleWebKit/537.36 (KHTML, like Gecko) Chrome/146.0.0.0 Safari/537.36"
172.18.0.1 - - [14/Mar/2026:03:22:47 +0000] "GET /api/v1/discovery/listener/events?limit=50 HTTP/2.0" 200 2 "https://localhost/discovery" "Mozilla/5.0 (X11; Linux x86_64) AppleWebKit/537.36 (KHTML, like Gecko) Chrome/146.0.0.0 Safari/537.36"
172.18.0.1 - - [14/Mar/2026:03:22:48 +0000] "GET /api/v1/system/stats HTTP/2.0" 200 459 "https://localhost/discovery" "Mozilla/5.0 (X11; Linux x86_64) AppleWebKit/537.36 (KHTML, like Gecko) Chrome/146.0.0.0 Safari/537.36"
172.18.0.1 - - [14/Mar/2026:03:22:50 +0000] "GET /api/v1/discovery/profiles HTTP/2.0" 200 2 "https://localhost/discovery" "Mozilla/5.0 (X11; Linux x86_64) AppleWebKit/537.36 (KHTML, like Gecko) Chrome/146.0.0.0 Safari/537.36"
172.18.0.1 - - [14/Mar/2026:03:22:54 +0000] "GET /api/v1/integrations/proxmox HTTP/2.0" 200 321 "https://localhost/discovery" "Mozilla/5.0 (X11; Linux x86_64) AppleWebKit/537.36 (KHTML, like Gecko) Chrome/146.0.0.0 Safari/537.36"
172.18.0.1 - - [14/Mar/2026:03:22:54 +0000] "GET /api/v1/integrations/proxmox/1/status HTTP/2.0" 200 174 "https://localhost/discovery" "Mozilla/5.0 (X11; Linux x86_64) AppleWebKit/537.36 (KHTML, like Gecko) Chrome/146.0.0.0 Safari/537.36"
127.0.0.1 - - [14/Mar/2026:03:22:54 +0000] "GET /api/v1/health HTTP/1.1" 200 98 "-" "curl/7.88.1"
172.18.0.1 - - [14/Mar/2026:03:22:55 +0000] "POST /api/v1/integrations/proxmox/1/test HTTP/2.0" 200 85 "https://localhost/discovery" "Mozilla/5.0 (X11; Linux x86_64) AppleWebKit/537.36 (KHTML, like Gecko) Chrome/146.0.0.0 Safari/537.36"
172.18.0.1 - - [14/Mar/2026:03:22:57 +0000] "GET /api/v1/discovery/listener/status HTTP/2.0" 200 57 "https://localhost/discovery" "Mozilla/5.0 (X11; Linux x86_64) AppleWebKit/537.36 (KHTML, like Gecko) Chrome/146.0.0.0 Safari/537.36"
172.18.0.1 - - [14/Mar/2026:03:22:57 +0000] "GET /api/v1/discovery/listener/events?limit=50 HTTP/2.0" 200 2 "https://localhost/discovery" "Mozilla/5.0 (X11; Linux x86_64) AppleWebKit/537.36 (KHTML, like Gecko) Chrome/146.0.0.0 Safari/537.36"
172.18.0.1 - - [14/Mar/2026:03:22:57 +0000] "POST /api/v1/integrations/proxmox/1/discover HTTP/2.0" 200 186 "https://localhost/discovery" "Mozilla/5.0 (X11; Linux x86_64) AppleWebKit/537.36 (KHTML, like Gecko) Chrome/146.0.0.0 Safari/537.36"
172.18.0.1 - - [14/Mar/2026:03:22:57 +0000] "GET /api/v1/integrations/proxmox HTTP/2.0" 200 325 "https://localhost/discovery" "Mozilla/5.0 (X11; Linux x86_64) AppleWebKit/537.36 (KHTML, like Gecko) Chrome/146.0.0.0 Safari/537.36"
172.18.0.1 - - [14/Mar/2026:03:22:57 +0000] "GET /api/v1/integrations/proxmox/1/status HTTP/2.0" 200 178 "https://localhost/discovery" "Mozilla/5.0 (X11; Linux x86_64) AppleWebKit/537.36 (KHTML, like Gecko) Chrome/146.0.0.0 Safari/537.36"
127.0.0.1 - - [14/Mar/2026:03:23:04 +0000] "GET /api/v1/health HTTP/1.1" 200 98 "-" "curl/7.88.1"
172.18.0.1 - - [14/Mar/2026:03:23:05 +0000] "GET /api/v1/discovery/results?status=pending&limit=200 HTTP/2.0" 200 2 "https://localhost/discovery" "Mozilla/5.0 (X11; Linux x86_64) AppleWebKit/537.36 (KHTML, like Gecko) Chrome/146.0.0.0 Safari/537.36"
172.18.0.1 - - [14/Mar/2026:03:23:06 +0000] "GET /api/v1/integrations/proxmox HTTP/2.0" 200 325 "https://localhost/discovery" "Mozilla/5.0 (X11; Linux x86_64) AppleWebKit/537.36 (KHTML, like Gecko) Chrome/146.0.0.0 Safari/537.36"
172.18.0.1 - - [14/Mar/2026:03:23:06 +0000] "GET /api/v1/integrations/proxmox/1/status HTTP/2.0" 200 178 "https://localhost/discovery" "Mozilla/5.0 (X11; Linux x86_64) AppleWebKit/537.36 (KHTML, like Gecko) Chrome/146.0.0.0 Safari/537.36"
172.18.0.1 - - [14/Mar/2026:03:23:06 +0000] "GET /api/v1/discovery/results?status=pending&limit=200 HTTP/2.0" 200 2 "https://localhost/discovery" "Mozilla/5.0 (X11; Linux x86_64) AppleWebKit/537.36 (KHTML, like Gecko) Chrome/146.0.0.0 Safari/537.36"
172.18.0.1 - - [14/Mar/2026:03:23:07 +0000] "GET /api/v1/discovery/listener/status HTTP/2.0" 200 57 "https://localhost/discovery" "Mozilla/5.0 (X11; Linux x86_64) AppleWebKit/537.36 (KHTML, like Gecko) Chrome/146.0.0.0 Safari/537.36"
172.18.0.1 - - [14/Mar/2026:03:23:07 +0000] "GET /api/v1/discovery/listener/events?limit=50 HTTP/2.0" 200 2 "https://localhost/discovery" "Mozilla/5.0 (X11; Linux x86_64) AppleWebKit/537.36 (KHTML, like Gecko) Chrome/146.0.0.0 Safari/537.36"
172.18.0.1 - - [14/Mar/2026:03:23:08 +0000] "GET /api/v1/discovery/results?status=pending&limit=1 HTTP/2.0" 200 2 "https://localhost/map" "Mozilla/5.0 (X11; Linux x86_64) AppleWebKit/537.36 (KHTML, like Gecko) Chrome/146.0.0.0 Safari/537.36"
172.18.0.1 - - [14/Mar/2026:03:23:08 +0000] "GET /api/v1/environments HTTP/2.0" 200 2 "https://localhost/map" "Mozilla/5.0 (X11; Linux x86_64) AppleWebKit/537.36 (KHTML, like Gecko) Chrome/146.0.0.0 Safari/537.36"
172.18.0.1 - - [14/Mar/2026:03:23:08 +0000] "GET /api/v1/graph/topology?include=hardware,compute,services,storage,networks,misc,external HTTP/2.0" 200 1499 "https://localhost/map" "Mozilla/5.0 (X11; Linux x86_64) AppleWebKit/537.36 (KHTML, like Gecko) Chrome/146.0.0.0 Safari/537.36"
172.18.0.1 - - [14/Mar/2026:03:23:08 +0000] "GET /api/v1/graph/layout?name=default HTTP/2.0" 200 20 "https://localhost/map" "Mozilla/5.0 (X11; Linux x86_64) AppleWebKit/537.36 (KHTML, like Gecko) Chrome/146.0.0.0 Safari/537.36"
172.18.0.1 - - [14/Mar/2026:03:23:08 +0000] "GET /icons/vendors/network.svg HTTP/2.0" 200 747 "https://localhost/map" "Mozilla/5.0 (X11; Linux x86_64) AppleWebKit/537.36 (KHTML, like Gecko) Chrome/146.0.0.0 Safari/537.36"
172.18.0.1 - - [14/Mar/2026:03:23:08 +0000] "GET /api/v1/graph/topology?include=hardware,compute,services,storage,networks,misc,external HTTP/2.0" 200 1499 "https://localhost/map" "Mozilla/5.0 (X11; Linux x86_64) AppleWebKit/537.36 (KHTML, like Gecko) Chrome/146.0.0.0 Safari/537.36"
172.18.0.1 - - [14/Mar/2026:03:23:08 +0000] "GET /api/v1/graph/layout?name=default HTTP/2.0" 200 20 "https://localhost/map" "Mozilla/5.0 (X11; Linux x86_64) AppleWebKit/537.36 (KHTML, like Gecko) Chrome/146.0.0.0 Safari/537.36"
127.0.0.1 - - [14/Mar/2026:03:23:14 +0000] "GET /api/v1/health HTTP/1.1" 200 98 "-" "curl/7.88.1"
172.18.0.1 - - [14/Mar/2026:03:23:14 +0000] "GET /api/v1/health HTTP/1.1" 200 98 "-" "curl/8.15.0"
172.18.0.1 - - [14/Mar/2026:03:23:15 +0000] "GET /api/v1/health HTTP/2.0" 200 98 "https://localhost/map" "Mozilla/5.0 (X11; Linux x86_64) AppleWebKit/537.36 (KHTML, like Gecko) Chrome/146.0.0.0 Safari/537.36"
172.18.0.1 - - [14/Mar/2026:03:23:15 +0000] "GET /api/v1/discovery/status HTTP/2.0" 200 253 "https://localhost/map" "Mozilla/5.0 (X11; Linux x86_64) AppleWebKit/537.36 (KHTML, like Gecko) Chrome/146.0.0.0 Safari/537.36"
127.0.0.1 - - [14/Mar/2026:03:23:24 +0000] "GET /api/v1/health HTTP/1.1" 200 98 "-" "curl/7.88.1"
127.0.0.1 - - [14/Mar/2026:03:23:34 +0000] "GET /api/v1/health HTTP/1.1" 200 98 "-" "curl/7.88.1"
127.0.0.1 - - [14/Mar/2026:03:23:44 +0000] "GET /api/v1/health HTTP/1.1" 200 98 "-" "curl/7.88.1"
172.18.0.1 - - [14/Mar/2026:03:23:45 +0000] "GET /api/v1/telemetry/stream HTTP/1.1" 101 108 "-" "Mozilla/5.0 (X11; Linux x86_64) AppleWebKit/537.36 (KHTML, like Gecko) Chrome/146.0.0.0 Safari/537.36"
172.18.0.1 - - [14/Mar/2026:03:23:45 +0000] "GET /api/v1/topology/stream HTTP/1.1" 101 108 "-" "Mozilla/5.0 (X11; Linux x86_64) AppleWebKit/537.36 (KHTML, like Gecko) Chrome/146.0.0.0 Safari/537.36"
172.18.0.1 - - [14/Mar/2026:03:23:45 +0000] "GET /api/v1/discovery/listener/status HTTP/2.0" 200 57 "https://localhost/discovery" "Mozilla/5.0 (X11; Linux x86_64) AppleWebKit/537.36 (KHTML, like Gecko) Chrome/146.0.0.0 Safari/537.36"
172.18.0.1 - - [14/Mar/2026:03:23:45 +0000] "GET /api/v1/discovery/profiles HTTP/2.0" 200 2 "https://localhost/discovery" "Mozilla/5.0 (X11; Linux x86_64) AppleWebKit/537.36 (KHTML, like Gecko) Chrome/146.0.0.0 Safari/537.36"
172.18.0.1 - - [14/Mar/2026:03:23:45 +0000] "GET /api/v1/discovery/listener/events?limit=50 HTTP/2.0" 200 2 "https://localhost/discovery" "Mozilla/5.0 (X11; Linux x86_64) AppleWebKit/537.36 (KHTML, like Gecko) Chrome/146.0.0.0 Safari/537.36"
172.18.0.1 - - [14/Mar/2026:03:23:45 +0000] "GET /api/v1/discovery/status HTTP/2.0" 200 253 "https://localhost/discovery" "Mozilla/5.0 (X11; Linux x86_64) AppleWebKit/537.36 (KHTML, like Gecko) Chrome/146.0.0.0 Safari/537.36"
172.18.0.1 - - [14/Mar/2026:03:23:45 +0000] "GET /api/v1/discovery/results?status=pending&limit=1 HTTP/2.0" 200 2 "https://localhost/discovery" "Mozilla/5.0 (X11; Linux x86_64) AppleWebKit/537.36 (KHTML, like Gecko) Chrome/146.0.0.0 Safari/537.36"
172.18.0.1 - - [14/Mar/2026:03:23:45 +0000] "GET /api/v1/discovery/jobs HTTP/2.0" 200 2 "https://localhost/discovery" "Mozilla/5.0 (X11; Linux x86_64) AppleWebKit/537.36 (KHTML, like Gecko) Chrome/146.0.0.0 Safari/537.36"
172.18.0.1 - - [14/Mar/2026:03:23:45 +0000] "GET /api/v1/health HTTP/2.0" 200 98 "https://localhost/discovery" "Mozilla/5.0 (X11; Linux x86_64) AppleWebKit/537.36 (KHTML, like Gecko) Chrome/146.0.0.0 Safari/537.36"
172.18.0.1 - - [14/Mar/2026:03:23:45 +0000] "GET /api/v1/discovery/status HTTP/2.0" 200 253 "https://localhost/discovery" "Mozilla/5.0 (X11; Linux x86_64) AppleWebKit/537.36 (KHTML, like Gecko) Chrome/146.0.0.0 Safari/537.36"
172.18.0.1 - - [14/Mar/2026:03:23:45 +0000] "GET /api/v1/system/stats HTTP/2.0" 200 459 "https://localhost/discovery" "Mozilla/5.0 (X11; Linux x86_64) AppleWebKit/537.36 (KHTML, like Gecko) Chrome/146.0.0.0 Safari/537.36"
172.18.0.1 - - [14/Mar/2026:03:23:46 +0000] "GET /api/v1/networks?limit=1000 HTTP/2.0" 200 286 "https://localhost/discovery" "Mozilla/5.0 (X11; Linux x86_64) AppleWebKit/537.36 (KHTML, like Gecko) Chrome/146.0.0.0 Safari/537.36"
127.0.0.1 - - [14/Mar/2026:03:23:54 +0000] "GET /api/v1/health HTTP/1.1" 200 98 "-" "curl/7.88.1"
172.18.0.1 - - [14/Mar/2026:03:23:55 +0000] "GET /api/v1/discovery/listener/events?limit=50 HTTP/2.0" 200 2 "https://localhost/discovery" "Mozilla/5.0 (X11; Linux x86_64) AppleWebKit/537.36 (KHTML, like Gecko) Chrome/146.0.0.0 Safari/537.36"
172.18.0.1 - - [14/Mar/2026:03:23:55 +0000] "GET /api/v1/discovery/listener/status HTTP/2.0" 200 57 "https://localhost/discovery" "Mozilla/5.0 (X11; Linux x86_64) AppleWebKit/537.36 (KHTML, like Gecko) Chrome/146.0.0.0 Safari/537.36"
172.18.0.1 - - [14/Mar/2026:03:23:56 +0000] "PUT /api/v1/settings HTTP/2.0" 200 994 "https://localhost/discovery" "Mozilla/5.0 (X11; Linux x86_64) AppleWebKit/537.36 (KHTML, like Gecko) Chrome/146.0.0.0 Safari/537.36"
172.18.0.1 - - [14/Mar/2026:03:23:56 +0000] "GET /api/v1/settings HTTP/2.0" 200 994 "https://localhost/discovery" "Mozilla/5.0 (X11; Linux x86_64) AppleWebKit/537.36 (KHTML, like Gecko) Chrome/146.0.0.0 Safari/537.36"
172.18.0.1 - - [14/Mar/2026:03:23:56 +0000] "GET /api/v1/branding/manifest.json?t=1773458636920 HTTP/2.0" 200 349 "https://localhost/discovery" "Mozilla/5.0 (X11; Linux x86_64) AppleWebKit/537.36 (KHTML, like Gecko) Chrome/146.0.0.0 Safari/537.36"
172.18.0.1 - - [14/Mar/2026:03:23:56 +0000] "POST /api/v1/discovery/scan HTTP/2.0" 200 421 "https://localhost/discovery" "Mozilla/5.0 (X11; Linux x86_64) AppleWebKit/537.36 (KHTML, like Gecko) Chrome/146.0.0.0 Safari/537.36"
127.0.0.1 - - [14/Mar/2026:03:24:04 +0000] "GET /api/v1/health HTTP/1.1" 200 98 "-" "curl/7.88.1"
172.18.0.1 - - [14/Mar/2026:03:24:05 +0000] "GET /api/v1/discovery/listener/status HTTP/2.0" 200 57 "https://localhost/discovery" "Mozilla/5.0 (X11; Linux x86_64) AppleWebKit/537.36 (KHTML, like Gecko) Chrome/146.0.0.0 Safari/537.36"
172.18.0.1 - - [14/Mar/2026:03:24:05 +0000] "GET /api/v1/discovery/listener/events?limit=50 HTTP/2.0" 200 2 "https://localhost/discovery" "Mozilla/5.0 (X11; Linux x86_64) AppleWebKit/537.36 (KHTML, like Gecko) Chrome/146.0.0.0 Safari/537.36"
172.18.0.1 - - [14/Mar/2026:03:24:05 +0000] "GET /api/v1/integrations/proxmox HTTP/2.0" 200 325 "https://localhost/discovery" "Mozilla/5.0 (X11; Linux x86_64) AppleWebKit/537.36 (KHTML, like Gecko) Chrome/146.0.0.0 Safari/537.36"
172.18.0.1 - - [14/Mar/2026:03:24:05 +0000] "GET /api/v1/integrations/proxmox/1/status HTTP/2.0" 200 178 "https://localhost/discovery" "Mozilla/5.0 (X11; Linux x86_64) AppleWebKit/537.36 (KHTML, like Gecko) Chrome/146.0.0.0 Safari/537.36"
172.18.0.1 - - [14/Mar/2026:03:24:07 +0000] "GET /api/v1/capabilities HTTP/2.0" 200 280 "https://localhost/map" "Mozilla/5.0 (X11; Linux x86_64) AppleWebKit/537.36 (KHTML, like Gecko) Chrome/146.0.0.0 Safari/537.36"
172.18.0.1 - - [14/Mar/2026:03:24:07 +0000] "GET /api/v1/environments HTTP/2.0" 200 2 "https://localhost/map" "Mozilla/5.0 (X11; Linux x86_64) AppleWebKit/537.36 (KHTML, like Gecko) Chrome/146.0.0.0 Safari/537.36"
172.18.0.1 - - [14/Mar/2026:03:24:07 +0000] "GET /api/v1/discovery/results?status=pending&limit=1 HTTP/2.0" 200 2 "https://localhost/map" "Mozilla/5.0 (X11; Linux x86_64) AppleWebKit/537.36 (KHTML, like Gecko) Chrome/146.0.0.0 Safari/537.36"
172.18.0.1 - - [14/Mar/2026:03:24:07 +0000] "GET /api/v1/graph/topology?include=hardware,compute,services,storage,networks,misc,external HTTP/2.0" 200 1499 "https://localhost/map" "Mozilla/5.0 (X11; Linux x86_64) AppleWebKit/537.36 (KHTML, like Gecko) Chrome/146.0.0.0 Safari/537.36"
172.18.0.1 - - [14/Mar/2026:03:24:07 +0000] "GET /api/v1/graph/layout?name=default HTTP/2.0" 200 20 "https://localhost/map" "Mozilla/5.0 (X11; Linux x86_64) AppleWebKit/537.36 (KHTML, like Gecko) Chrome/146.0.0.0 Safari/537.36"
172.18.0.1 - - [14/Mar/2026:03:24:07 +0000] "GET /api/v1/graph/topology?include=hardware,compute,services,storage,networks,misc,external HTTP/2.0" 200 1499 "https://localhost/map" "Mozilla/5.0 (X11; Linux x86_64) AppleWebKit/537.36 (KHTML, like Gecko) Chrome/146.0.0.0 Safari/537.36"
172.18.0.1 - - [14/Mar/2026:03:24:07 +0000] "GET /api/v1/graph/layout?name=default HTTP/2.0" 200 20 "https://localhost/map" "Mozilla/5.0 (X11; Linux x86_64) AppleWebKit/537.36 (KHTML, like Gecko) Chrome/146.0.0.0 Safari/537.36"
172.18.0.1 - - [14/Mar/2026:03:24:07 +0000] "GET /icons/vendors/network.svg HTTP/2.0" 200 747 "https://localhost/map" "Mozilla/5.0 (X11; Linux x86_64) AppleWebKit/537.36 (KHTML, like Gecko) Chrome/146.0.0.0 Safari/537.36"
172.18.0.1 - - [14/Mar/2026:03:24:07 +0000] "GET /icons/vendors/proxmox-dark.svg HTTP/2.0" 200 619 "https://localhost/map" "Mozilla/5.0 (X11; Linux x86_64) AppleWebKit/537.36 (KHTML, like Gecko) Chrome/146.0.0.0 Safari/537.36"
172.18.0.1 - - [14/Mar/2026:03:24:07 +0000] "GET /icons/vendors/docker.svg HTTP/2.0" 200 608 "https://localhost/map" "Mozilla/5.0 (X11; Linux x86_64) AppleWebKit/537.36 (KHTML, like Gecko) Chrome/146.0.0.0 Safari/537.36"
172.18.0.1 - - [14/Mar/2026:03:24:08 +0000] "GET /api/v1/telemetry/entity/hardware/2 HTTP/2.0" 200 556 "https://localhost/map" "Mozilla/5.0 (X11; Linux x86_64) AppleWebKit/537.36 (KHTML, like Gecko) Chrome/146.0.0.0 Safari/537.36"
172.18.0.1 - - [14/Mar/2026:03:24:08 +0000] "GET /api/v1/integrations/proxmox/cluster-overview?integration_id=1 HTTP/2.0" 200 923 "https://localhost/map" "Mozilla/5.0 (X11; Linux x86_64) AppleWebKit/537.36 (KHTML, like Gecko) Chrome/146.0.0.0 Safari/537.36"
127.0.0.1 - - [14/Mar/2026:03:24:14 +0000] "GET /api/v1/health HTTP/1.1" 200 98 "-" "curl/7.88.1"
172.18.0.1 - - [14/Mar/2026:03:24:15 +0000] "GET /api/v1/health HTTP/2.0" 200 98 "https://localhost/map" "Mozilla/5.0 (X11; Linux x86_64) AppleWebKit/537.36 (KHTML, like Gecko) Chrome/146.0.0.0 Safari/537.36"
172.18.0.1 - - [14/Mar/2026:03:24:15 +0000] "GET /api/v1/discovery/status HTTP/2.0" 200 737 "https://localhost/map" "Mozilla/5.0 (X11; Linux x86_64) AppleWebKit/537.36 (KHTML, like Gecko) Chrome/146.0.0.0 Safari/537.36"
172.18.0.1 - - [14/Mar/2026:03:24:16 +0000] "GET /api/v1/telemetry/entity/hardware/1 HTTP/2.0" 200 536 "https://localhost/map" "Mozilla/5.0 (X11; Linux x86_64) AppleWebKit/537.36 (KHTML, like Gecko) Chrome/146.0.0.0 Safari/537.36"
127.0.0.1 - - [14/Mar/2026:03:24:24 +0000] "GET /api/v1/health HTTP/1.1" 200 99 "-" "curl/7.88.1"
172.18.0.1 - - [14/Mar/2026:03:24:29 +0000] "GET / HTTP/1.1" 301 169 "-" "python-httpx/0.28.1"
172.18.0.1 - - [14/Mar/2026:03:24:29 +0000] "PUT /api/v1/settings HTTP/2.0" 200 994 "https://localhost/map" "Mozilla/5.0 (X11; Linux x86_64) AppleWebKit/537.36 (KHTML, like Gecko) Chrome/146.0.0.0 Safari/537.36"
172.18.0.1 - - [14/Mar/2026:03:24:30 +0000] "PUT /api/v1/settings HTTP/2.0" 200 987 "https://localhost/map" "Mozilla/5.0 (X11; Linux x86_64) AppleWebKit/537.36 (KHTML, like Gecko) Chrome/146.0.0.0 Safari/537.36"
172.18.0.1 - - [14/Mar/2026:03:24:30 +0000] "PUT /api/v1/settings HTTP/2.0" 200 992 "https://localhost/map" "Mozilla/5.0 (X11; Linux x86_64) AppleWebKit/537.36 (KHTML, like Gecko) Chrome/146.0.0.0 Safari/537.36"
172.18.0.1 - - [14/Mar/2026:03:24:30 +0000] "PUT /api/v1/settings HTTP/2.0" 200 992 "https://localhost/map" "Mozilla/5.0 (X11; Linux x86_64) AppleWebKit/537.36 (KHTML, like Gecko) Chrome/146.0.0.0 Safari/537.36"
172.18.0.1 - - [14/Mar/2026:03:24:31 +0000] "PUT /api/v1/settings HTTP/2.0" 200 994 "https://localhost/map" "Mozilla/5.0 (X11; Linux x86_64) AppleWebKit/537.36 (KHTML, like Gecko) Chrome/146.0.0.0 Safari/537.36"
172.18.0.1 - - [14/Mar/2026:03:24:31 +0000] "PUT /api/v1/settings HTTP/2.0" 200 994 "https://localhost/map" "Mozilla/5.0 (X11; Linux x86_64) AppleWebKit/537.36 (KHTML, like Gecko) Chrome/146.0.0.0 Safari/537.36"
172.18.0.1 - - [14/Mar/2026:03:24:31 +0000] "PUT /api/v1/settings HTTP/2.0" 200 994 "https://localhost/map" "Mozilla/5.0 (X11; Linux x86_64) AppleWebKit/537.36 (KHTML, like Gecko) Chrome/146.0.0.0 Safari/537.36"
172.18.0.1 - - [14/Mar/2026:03:24:32 +0000] "PUT /api/v1/settings HTTP/2.0" 200 994 "https://localhost/map" "Mozilla/5.0 (X11; Linux x86_64) AppleWebKit/537.36 (KHTML, like Gecko) Chrome/146.0.0.0 Safari/537.36"
172.18.0.1 - - [14/Mar/2026:03:24:32 +0000] "PUT /api/v1/settings HTTP/2.0" 200 993 "https://localhost/map" "Mozilla/5.0 (X11; Linux x86_64) AppleWebKit/537.36 (KHTML, like Gecko) Chrome/146.0.0.0 Safari/537.36"
172.18.0.1 - - [14/Mar/2026:03:24:32 +0000] "PUT /api/v1/settings HTTP/2.0" 200 995 "https://localhost/map" "Mozilla/5.0 (X11; Linux x86_64) AppleWebKit/537.36 (KHTML, like Gecko) Chrome/146.0.0.0 Safari/537.36"
172.18.0.1 - - [14/Mar/2026:03:24:32 +0000] "PUT /api/v1/settings HTTP/2.0" 200 994 "https://localhost/map" "Mozilla/5.0 (X11; Linux x86_64) AppleWebKit/537.36 (KHTML, like Gecko) Chrome/146.0.0.0 Safari/537.36"
172.18.0.1 - - [14/Mar/2026:03:24:33 +0000] "PUT /api/v1/settings HTTP/2.0" 200 993 "https://localhost/map" "Mozilla/5.0 (X11; Linux x86_64) AppleWebKit/537.36 (KHTML, like Gecko) Chrome/146.0.0.0 Safari/537.36"
172.18.0.1 - - [14/Mar/2026:03:24:33 +0000] "PUT /api/v1/settings HTTP/2.0" 200 994 "https://localhost/map" "Mozilla/5.0 (X11; Linux x86_64) AppleWebKit/537.36 (KHTML, like Gecko) Chrome/146.0.0.0 Safari/537.36"
172.18.0.1 - - [14/Mar/2026:03:24:33 +0000] "PUT /api/v1/settings HTTP/2.0" 200 994 "https://localhost/map" "Mozilla/5.0 (X11; Linux x86_64) AppleWebKit/537.36 (KHTML, like Gecko) Chrome/146.0.0.0 Safari/537.36"
172.18.0.1 - - [14/Mar/2026:03:24:34 +0000] "PUT /api/v1/settings HTTP/2.0" 200 994 "https://localhost/map" "Mozilla/5.0 (X11; Linux x86_64) AppleWebKit/537.36 (KHTML, like Gecko) Chrome/146.0.0.0 Safari/537.36"
172.18.0.1 - - [14/Mar/2026:03:24:34 +0000] "PUT /api/v1/settings HTTP/2.0" 200 994 "https://localhost/map" "Mozilla/5.0 (X11; Linux x86_64) AppleWebKit/537.36 (KHTML, like Gecko) Chrome/146.0.0.0 Safari/537.36"
172.18.0.1 - - [14/Mar/2026:03:24:34 +0000] "PUT /api/v1/settings HTTP/2.0" 200 993 "https://localhost/map" "Mozilla/5.0 (X11; Linux x86_64) AppleWebKit/537.36 (KHTML, like Gecko) Chrome/146.0.0.0 Safari/537.36"
127.0.0.1 - - [14/Mar/2026:03:24:34 +0000] "GET /api/v1/health HTTP/1.1" 200 99 "-" "curl/7.88.1"
172.18.0.1 - - [14/Mar/2026:03:24:35 +0000] "PUT /api/v1/settings HTTP/2.0" 200 994 "https://localhost/map" "Mozilla/5.0 (X11; Linux x86_64) AppleWebKit/537.36 (KHTML, like Gecko) Chrome/146.0.0.0 Safari/537.36"
172.18.0.1 - - [14/Mar/2026:03:24:35 +0000] "PUT /api/v1/settings HTTP/2.0" 200 994 "https://localhost/map" "Mozilla/5.0 (X11; Linux x86_64) AppleWebKit/537.36 (KHTML, like Gecko) Chrome/146.0.0.0 Safari/537.36"
172.18.0.1 - - [14/Mar/2026:03:24:35 +0000] "PUT /api/v1/settings HTTP/2.0" 200 994 "https://localhost/map" "Mozilla/5.0 (X11; Linux x86_64) AppleWebKit/537.36 (KHTML, like Gecko) Chrome/146.0.0.0 Safari/537.36"
172.18.0.1 - - [14/Mar/2026:03:24:35 +0000] "PUT /api/v1/settings HTTP/2.0" 200 995 "https://localhost/map" "Mozilla/5.0 (X11; Linux x86_64) AppleWebKit/537.36 (KHTML, like Gecko) Chrome/146.0.0.0 Safari/537.36"
172.18.0.1 - - [14/Mar/2026:03:24:36 +0000] "PUT /api/v1/settings HTTP/2.0" 200 994 "https://localhost/map" "Mozilla/5.0 (X11; Linux x86_64) AppleWebKit/537.36 (KHTML, like Gecko) Chrome/146.0.0.0 Safari/537.36"
172.18.0.1 - - [14/Mar/2026:03:24:36 +0000] "PUT /api/v1/settings HTTP/2.0" 200 994 "https://localhost/map" "Mozilla/5.0 (X11; Linux x86_64) AppleWebKit/537.36 (KHTML, like Gecko) Chrome/146.0.0.0 Safari/537.36"
172.18.0.1 - - [14/Mar/2026:03:24:36 +0000] "PUT /api/v1/settings HTTP/2.0" 200 994 "https://localhost/map" "Mozilla/5.0 (X11; Linux x86_64) AppleWebKit/537.36 (KHTML, like Gecko) Chrome/146.0.0.0 Safari/537.36"
172.18.0.1 - - [14/Mar/2026:03:24:37 +0000] "PUT /api/v1/settings HTTP/2.0" 200 994 "https://localhost/map" "Mozilla/5.0 (X11; Linux x86_64) AppleWebKit/537.36 (KHTML, like Gecko) Chrome/146.0.0.0 Safari/537.36"
172.18.0.1 - - [14/Mar/2026:03:24:37 +0000] "PUT /api/v1/settings HTTP/2.0" 200 994 "https://localhost/map" "Mozilla/5.0 (X11; Linux x86_64) AppleWebKit/537.36 (KHTML, like Gecko) Chrome/146.0.0.0 Safari/537.36"
172.18.0.1 - - [14/Mar/2026:03:24:37 +0000] "PUT /api/v1/settings HTTP/2.0" 200 994 "https://localhost/map" "Mozilla/5.0 (X11; Linux x86_64) AppleWebKit/537.36 (KHTML, like Gecko) Chrome/146.0.0.0 Safari/537.36"
172.18.0.1 - - [14/Mar/2026:03:24:38 +0000] "PUT /api/v1/settings HTTP/2.0" 200 994 "https://localhost/map" "Mozilla/5.0 (X11; Linux x86_64) AppleWebKit/537.36 (KHTML, like Gecko) Chrome/146.0.0.0 Safari/537.36"
172.18.0.1 - - [14/Mar/2026:03:24:38 +0000] "PUT /api/v1/settings HTTP/2.0" 200 994 "https://localhost/map" "Mozilla/5.0 (X11; Linux x86_64) AppleWebKit/537.36 (KHTML, like Gecko) Chrome/146.0.0.0 Safari/537.36"
172.18.0.1 - - [14/Mar/2026:03:24:38 +0000] "PUT /api/v1/settings HTTP/2.0" 200 994 "https://localhost/map" "Mozilla/5.0 (X11; Linux x86_64) AppleWebKit/537.36 (KHTML, like Gecko) Chrome/146.0.0.0 Safari/537.36"
172.18.0.1 - - [14/Mar/2026:03:24:39 +0000] "PUT /api/v1/settings HTTP/2.0" 200 994 "https://localhost/map" "Mozilla/5.0 (X11; Linux x86_64) AppleWebKit/537.36 (KHTML, like Gecko) Chrome/146.0.0.0 Safari/537.36"
172.18.0.1 - - [14/Mar/2026:03:24:39 +0000] "PUT /api/v1/settings HTTP/2.0" 200 994 "https://localhost/map" "Mozilla/5.0 (X11; Linux x86_64) AppleWebKit/537.36 (KHTML, like Gecko) Chrome/146.0.0.0 Safari/537.36"
